// Vitest Snapshot v1

exports[`<Version /> > Render 1`] = `"<aside class=\\"_version_1h8gi_1\\">v2.0.0</aside>"`;
