// Vitest Snapshot v1

exports[`<App /> > Render 1`] = `"<div class=\\"_logo_f7d212\\"><img alt=\\"Three.js\\" src=\\"/src/assets/images/logo.png\\"><h1>Three.js Boilerplate</h1></div><aside class=\\"_version_2c80ef\\">v4.0.0</aside>"`;
