// Vitest Snapshot v1

exports[`<Logo /> > Render 1`] = `"<div class=\\"_logo_1j0s2_1\\"><img alt=\\"Three.js\\" src=\\"/img/logo.png\\"><h1>Three.js Boilerplate</h1></div>"`;
